sandbox_extension_issue_file_to_process failed for /var/folders/r9/6nkm3f8s4_j2fbgvxrzx3rxh0000gn/T/defenseclawmac-panel-tests-eptnmwyy/build/Build/Products/Debug/DefenseClawMac.app: 1 (Operation not permitted)
Charts: Custom UnitPoint values are not supported in AxisValueLabel's anchor property. Please use leading, topLeading, center, etc.
PASS render overview; tables=1; rows=[1]
PASS render alerts; tables=1; rows=[1]
PASS render logs; tables=1; rows=[2]
PASS render audit; tables=1; rows=[4]
PASS render activity; tables=1; rows=[1]
PASS render skills; tables=1; rows=[1]
PASS render mcps; tables=1; rows=[1]
PASS render plugins; tables=1; rows=[1]
PASS render tools; tables=1; rows=[1]
PASS render inventory; tables=1; rows=[1]
PASS render aiDiscovery; tables=1; rows=[2]
PASS render aiRuntime; tables=0; rows=[]
PASS render registries; tables=0; rows=[]
2026-10-07 11:41:37.095 DefenseClawMac[96776:4026455] WARNING: Application performed a reentrant operation in its NSTableView delegate. This warning will become an assert in the future.
PASS render setup; tables=1; rows=[25]
PASS render settings-general; tables=0; rows=[]
PASS render settings-monitoring; tables=0; rows=[]
PASS render settings-notifications; tables=0; rows=[]
PASS render settings-connection; tables=0; rows=[]
PASS render wizard-0; tables=0; rows=[]
PASS render wizard-1; tables=0; rows=[]
PASS render wizard-2; tables=0; rows=[]
PASS render wizard-3; tables=0; rows=[]
PASS render wizard-4; tables=0; rows=[]
PASS render wizard-5; tables=0; rows=[]
PASS render wizard-6; tables=0; rows=[]
PASS render wizard-7; tables=0; rows=[]
PASS render wizard-8; tables=0; rows=[]
PASS render wizard-9; tables=0; rows=[]
PASS render wizard-10; tables=0; rows=[]
PASS render wizard-11; tables=0; rows=[]
PASS render wizard-12; tables=0; rows=[]
PASS render wizard-13; tables=0; rows=[]
PASS render wizard-14; tables=0; rows=[]
PASS render wizard-15; tables=0; rows=[]
PASS render wizard-16; tables=0; rows=[]
PASS render wizard-17; tables=0; rows=[]
PASS render wizard-18; tables=0; rows=[]
PASS render wizard-19; tables=0; rows=[]
PASS render wizard-20; tables=0; rows=[]
PASS render wizard-21; tables=0; rows=[]
2026-10-07 11:42:39.803 DefenseClawMac[96776:4026455] WARNING: Application performed a reentrant operation in its NSTableView delegate. This warning will become an assert in the future.
PASS render palette; tables=1; rows=[233]
PASS all native panel/form renders completed
